../Core/Src/main.c:238:5:main	8	static
../Core/Src/main.c:365:6:SystemClock_Config	88	static
../Core/Src/main.c:412:13:MX_CAN1_Init	8	static
../Core/Src/main.c:449:13:MX_DAC_Init	16	static
../Core/Src/main.c:489:13:MX_TIM1_Init	96	static
../Core/Src/main.c:564:13:MX_TIM6_Init	16	static
../Core/Src/main.c:602:13:MX_USART2_UART_Init	8	static
../Core/Src/main.c:635:13:MX_USART6_UART_Init	8	static
../Core/Src/main.c:666:13:MX_DMA_Init	16	static
../Core/Src/main.c:684:13:MX_GPIO_Init	48	static
../Core/Src/main.c:718:6:start_nextion	168	static
../Core/Src/main.c:764:6:start_rf	16	static
../Core/Src/main.c:794:6:start_can	24	static
../Core/Src/main.c:917:6:right_signal_start	16	static
../Core/Src/main.c:939:6:left_signal_signal	16	static
../Core/Src/main.c:961:6:stop_signal_start	16	static
../Core/Src/main.c:976:6:HAL_TIM_PWM_PulseFinishedCallback	16	static
../Core/Src/main.c:982:6:Set_LED	24	static
../Core/Src/main.c:992:6:Set_Brightness	16	static
../Core/Src/main.c:1014:6:WS2812_Send	32	static
../Core/Src/main.c:1053:6:Reset_LED	16	static
../Core/Src/main.c:1064:6:right_signal	16	static
../Core/Src/main.c:1079:6:stop_signal	24	static
../Core/Src/main.c:1092:6:left_signal	16	static
../Core/Src/main.c:1108:7:convert_float	16	static
../Core/Src/main.c:1112:5:data_merge	8	static
../Core/Src/main.c:1124:6:toggle_func	24	static
../Core/Src/main.c:1132:5:prepare_data	24	static
../Core/Src/main.c:1142:6:deneme	4	static
../Core/Src/main.c:1182:6:HAL_TIM_PeriodElapsedCallback	16	static
../Core/Src/main.c:1205:6:Error_Handler	4	static,ignoring_inline_asm
