../Core/Src/main.c:113:5:main	128	static
../Core/Src/main.c:223:6:SystemClock_Config	88	static
../Core/Src/main.c:270:13:MX_ADC1_Init	24	static
../Core/Src/main.c:322:13:MX_CAN1_Init	8	static
../Core/Src/main.c:359:13:MX_USART1_UART_Init	8	static
../Core/Src/main.c:392:13:MX_USART2_UART_Init	8	static
../Core/Src/main.c:425:13:MX_GPIO_Init	16	static
../Core/Src/main.c:445:6:can_start	16	static
../Core/Src/main.c:465:6:rf_start	296	static
../Core/Src/main.c:490:6:gps_start	24	static
../Core/Src/main.c:535:6:speed_start	32	static
../Core/Src/main.c:575:6:HAL_TIM_PeriodElapsedCallback	16	static
../Core/Src/main.c:592:6:Error_Handler	4	static,ignoring_inline_asm
